
Generator upper limit B1 = 10000

Number of threads set to 1

dif[0] = 8, dif[5758] = 8, dif[5759] = 1
sum of differences = 15015, max dif = 11 at sum = 4730
Final bootstrap prime = 397
 check 10^3: p(168) = 997, p(169) = 1009
 check 10^4: p(1229) = 9973, p(1230) = 10007
 check 10^5: p(9592) = 99991, p(9593) = 100003
Total sieve primes = 14677, pi(160000) = 14683, last p = 159979, last sieve_space_start_index = 12796640220
pi(10^6) = 78498, known value = 78498
Total number of work asssignments = 50

Chain codes for 11 and 13 written to file Lchain_codes.dat


Starting generation of chains of length = 6

last prime = 19, last_save_index = 3
Info: this interval chain code array size = 2: # of target primes = 2, # of unsaved chain codes = 0
Info: target prime range: smallest = 17, largest = 19
Processing chains...
info: stored 2 chain codes in file Lchain_codes.dat
This interval # of chains leading to a target prime = 6, # of max dbl chains = 5
ALERT: new max code length = 7 bits for prime = 17, code = 000000000000000A
final_interval set to true

For reference, Fib[6] = 8, Luc[5] = 11, Fib[7] = 13, Luc[6] = 18, Fib[8] = 21
For test_length = 6, total # of chains leading to a target prime = 6, total # of max dbl chains = 5
No primes < Fib[8] in next target prime list
Pending chain code list is empty.

# of chain codes appended to file Lchain_codes.dat = 2
Cumulative total prime codes saved = 4

Time for test length = 6:       0.0000 seconds



Starting generation of chains of length = 7

last prime = 31, last_save_index = 6
Info: this interval chain code array size = 3: # of target primes = 3, # of unsaved chain codes = 0
Info: target prime range: smallest = 23, largest = 31
Processing chains...
info: stored 3 chain codes in file Lchain_codes.dat
This interval # of chains leading to a target prime = 17, # of max dbl chains = 6
final_interval set to true

For reference, Fib[7] = 13, Luc[6] = 18, Fib[8] = 21, Luc[7] = 29, Fib[9] = 34
For test_length = 7, total # of chains leading to a target prime = 17, total # of max dbl chains = 6
No primes < Fib[9] in next target prime list
Pending chain code list is empty.

# of chain codes appended to file Lchain_codes.dat = 3
Cumulative total prime codes saved = 7

Time for test length = 7:       0.0000 seconds



Starting generation of chains of length = 8

last prime = 53, last_save_index = 11
Info: this interval chain code array size = 5: # of target primes = 5, # of unsaved chain codes = 0
Info: target prime range: smallest = 37, largest = 53
Processing chains...
info: stored 4 chain codes in file Lchain_codes.dat
info: stored 1 chain codes in file Pending_Lchain_code_list_1.dat
info: saved 1 primes in file Tgt_prime_list_1.dat, cumulative total = 1
This interval # of target primes receiving a chain code = 4
This interval # of chains leading to a target prime = 32, # of max dbl chains = 15
ALERT: new max code length = 11 bits for prime = 37, code = 0000000000000192
final_interval set to true

For reference, Fib[8] = 21, Luc[7] = 29, Fib[9] = 34, Luc[8] = 47, Fib[10] = 55
For test_length = 8, total # of chains leading to a target prime = 32, total # of max dbl chains = 15
Total primes < Fib[10] in next target list: 1. Smallest = 53, largest = 53
Pending code list size = 1, total # of unsaved chain codes in list = 0

# of chain codes appended to file Lchain_codes.dat = 4
Cumulative total prime codes saved = 11

Time for test length = 8:       0.0001 seconds



Starting generation of chains of length = 9

info: old pending code file closed after interval start
last prime = 89, last_save_index = 19
Info: this interval chain code array size = 9: # of target primes = 9, # of unsaved chain codes = 0
Info: target prime range: smallest = 53, largest = 89
Processing chains...
info: stored 7 chain codes in file Lchain_codes.dat
info: stored 2 chain codes in file Pending_Lchain_code_list_2.dat
info: saved 1 primes in file Tgt_prime_list_2.dat, cumulative total = 1
This interval # of target primes receiving a chain code = 8
This interval # of chains leading to a target prime = 76, # of max dbl chains = 26
final_interval set to true

For reference, Fib[9] = 34, Luc[8] = 47, Fib[10] = 55, Luc[9] = 76, Fib[11] = 89
For test_length = 9, total # of chains leading to a target prime = 76, total # of max dbl chains = 26
Total primes < Fib[11] in next target list: 1. Smallest = 83, largest = 83
Pending code list size = 2, total # of unsaved chain codes in list = 1

# of chain codes appended to file Lchain_codes.dat = 7
Cumulative total prime codes saved = 18

Time for test length = 9:       0.0002 seconds



Starting generation of chains of length = 10

info: old pending code file closed after interval start
last prime = 139, last_save_index = 29
Info: this interval chain code array size = 12: # of target primes = 11, # of unsaved chain codes = 1
Info: target prime range: smallest = 83, largest = 139
Processing chains...
info: stored 8 chain codes in file Lchain_codes.dat
info: stored 4 chain codes in file Pending_Lchain_code_list_1.dat
info: saved 3 primes in file Tgt_prime_list_1.dat, cumulative total = 3
This interval # of target primes receiving a chain code = 8
This interval # of chains leading to a target prime = 91, # of max dbl chains = 20
final_interval set to true

For reference, Fib[10] = 55, Luc[9] = 76, Fib[11] = 89, Luc[10] = 123, Fib[12] = 144
For test_length = 10, total # of chains leading to a target prime = 91, total # of max dbl chains = 20
Total primes < Fib[12] in next target list: 3. Smallest = 127, largest = 139
Pending code list size = 4, total # of unsaved chain codes in list = 1

# of chain codes appended to file Lchain_codes.dat = 8
Cumulative total prime codes saved = 26

Time for test length = 10:       0.0001 seconds



Starting generation of chains of length = 11

info: old pending code file closed after interval start
last prime = 233, last_save_index = 46
Info: this interval chain code array size = 21: # of target primes = 20, # of unsaved chain codes = 1
Info: target prime range: smallest = 127, largest = 233
Processing chains...
info: stored 14 chain codes in file Lchain_codes.dat
info: stored 7 chain codes in file Pending_Lchain_code_list_2.dat
info: saved 5 primes in file Tgt_prime_list_2.dat, cumulative total = 5
This interval # of target primes receiving a chain code = 15
This interval # of chains leading to a target prime = 227, # of max dbl chains = 40
ALERT: new max code length = 13 bits for prime = 137, code = 0000000000000512
final_interval set to true

For reference, Fib[11] = 89, Luc[10] = 123, Fib[12] = 144, Luc[11] = 199, Fib[13] = 233
For test_length = 11, total # of chains leading to a target prime = 227, total # of max dbl chains = 40
Total primes < Fib[13] in next target list: 5. Smallest = 197, largest = 229
Pending code list size = 7, total # of unsaved chain codes in list = 2

# of chain codes appended to file Lchain_codes.dat = 14
Cumulative total prime codes saved = 40

Time for test length = 11:       0.0002 seconds



Starting generation of chains of length = 12

info: old pending code file closed after interval start
last prime = 373, last_save_index = 69
Info: this interval chain code array size = 30: # of target primes = 28, # of unsaved chain codes = 2
Info: target prime range: smallest = 197, largest = 373
Processing chains...
info: stored 22 chain codes in file Lchain_codes.dat
info: stored 8 chain codes in file Pending_Lchain_code_list_1.dat
info: saved 7 primes in file Tgt_prime_list_1.dat, cumulative total = 7
This interval # of target primes receiving a chain code = 21
This interval # of chains leading to a target prime = 397, # of max dbl chains = 130
ALERT: new max code length = 15 bits for prime = 197, code = 0000000000002392
ALERT: new max code length = 17 bits for prime = 211, code = 0000000000007192
final_interval set to true

For reference, Fib[12] = 144, Luc[11] = 199, Fib[13] = 233, Luc[12] = 322, Fib[14] = 377
For test_length = 12, total # of chains leading to a target prime = 397, total # of max dbl chains = 130
Total primes < Fib[14] in next target list: 7. Smallest = 331, largest = 373
Pending code list size = 8, total # of unsaved chain codes in list = 1

# of chain codes appended to file Lchain_codes.dat = 22
Cumulative total prime codes saved = 62

Time for test length = 12:       0.0004 seconds



Starting generation of chains of length = 13

info: old pending code file closed after interval start
last prime = 607, last_save_index = 106
Info: this interval chain code array size = 45: # of target primes = 44, # of unsaved chain codes = 1
Info: target prime range: smallest = 331, largest = 607
Processing chains...
info: stored 22 chain codes in file Lchain_codes.dat
info: stored 23 chain codes in file Pending_Lchain_code_list_2.dat
info: saved 15 primes in file Tgt_prime_list_2.dat, cumulative total = 15
This interval # of target primes receiving a chain code = 29
This interval # of chains leading to a target prime = 568, # of max dbl chains = 114
final_interval set to true

For reference, Fib[13] = 233, Luc[12] = 322, Fib[14] = 377, Luc[13] = 521, Fib[15] = 610
For test_length = 13, total # of chains leading to a target prime = 568, total # of max dbl chains = 114
Total primes < Fib[15] in next target list: 15. Smallest = 461, largest = 607
Pending code list size = 23, total # of unsaved chain codes in list = 8

# of chain codes appended to file Lchain_codes.dat = 22
Cumulative total prime codes saved = 84

Time for test length = 13:       0.0006 seconds



Starting generation of chains of length = 14

info: old pending code file closed after interval start
last prime = 983, last_save_index = 161
Info: this interval chain code array size = 78: # of target primes = 70, # of unsaved chain codes = 8
Info: target prime range: smallest = 461, largest = 983
Processing chains...
info: stored 42 chain codes in file Lchain_codes.dat
info: stored 36 chain codes in file Pending_Lchain_code_list_1.dat
info: saved 29 primes in file Tgt_prime_list_1.dat, cumulative total = 29
This interval # of target primes receiving a chain code = 41
This interval # of chains leading to a target prime = 1391, # of max dbl chains = 283
ALERT: new max code length = 19 bits for prime = 461, code = 000000000001B312
final_interval set to true

For reference, Fib[14] = 377, Luc[13] = 521, Fib[15] = 610, Luc[14] = 843, Fib[16] = 987
For test_length = 14, total # of chains leading to a target prime = 1391, total # of max dbl chains = 283
Total primes < Fib[16] in next target list: 29. Smallest = 739, largest = 983
Pending code list size = 36, total # of unsaved chain codes in list = 7

# of chain codes appended to file Lchain_codes.dat = 42
Cumulative total prime codes saved = 126

Time for test length = 14:       0.0020 seconds



Starting generation of chains of length = 15

info: old pending code file closed after interval start
last prime = 1597, last_save_index = 246
Info: this interval chain code array size = 121: # of target primes = 114, # of unsaved chain codes = 7
Info: target prime range: smallest = 739, largest = 1597
Processing chains...
info: stored 57 chain codes in file Lchain_codes.dat
info: stored 64 chain codes in file Pending_Lchain_code_list_2.dat
info: saved 40 primes in file Tgt_prime_list_2.dat, cumulative total = 40
This interval # of target primes receiving a chain code = 74
This interval # of chains leading to a target prime = 2888, # of max dbl chains = 446
ALERT: new max code length = 21 bits for prime = 769, code = 0000000000049A12
final_interval set to true

For reference, Fib[15] = 610, Luc[14] = 843, Fib[16] = 987, Luc[15] = 1364, Fib[17] = 1597
For test_length = 15, total # of chains leading to a target prime = 2888, total # of max dbl chains = 446
Total primes < Fib[17] in next target list: 40. Smallest = 1123, largest = 1583
Pending code list size = 64, total # of unsaved chain codes in list = 24

# of chain codes appended to file Lchain_codes.dat = 57
Cumulative total prime codes saved = 183

Time for test length = 15:       0.0034 seconds



Starting generation of chains of length = 16

info: old pending code file closed after interval start
last prime = 2579, last_save_index = 371
Info: this interval chain code array size = 189: # of target primes = 165, # of unsaved chain codes = 24
Info: target prime range: smallest = 1123, largest = 2579
Processing chains...
info: stored 91 chain codes in file Lchain_codes.dat
info: stored 98 chain codes in file Pending_Lchain_code_list_1.dat
info: saved 63 primes in file Tgt_prime_list_1.dat, cumulative total = 63
This interval # of target primes receiving a chain code = 102
This interval # of chains leading to a target prime = 3747, # of max dbl chains = 556
ALERT: new max code length = 23 bits for prime = 1237, code = 0000000000547192
final_interval set to true

For reference, Fib[16] = 987, Luc[15] = 1364, Fib[17] = 1597, Luc[16] = 2207, Fib[18] = 2584
For test_length = 16, total # of chains leading to a target prime = 3747, total # of max dbl chains = 556
Total primes < Fib[18] in next target list: 63. Smallest = 1801, largest = 2579
Pending code list size = 98, total # of unsaved chain codes in list = 35

# of chain codes appended to file Lchain_codes.dat = 91
Cumulative total prime codes saved = 274

Time for test length = 16:       0.0088 seconds



Starting generation of chains of length = 17

info: old pending code file closed after interval start
last prime = 4177, last_save_index = 569
Info: this interval chain code array size = 296: # of target primes = 261, # of unsaved chain codes = 35
Info: target prime range: smallest = 1801, largest = 4177
Processing chains...
info: stored 141 chain codes in file Lchain_codes.dat
info: stored 155 chain codes in file Pending_Lchain_code_list_2.dat
info: saved 119 primes in file Tgt_prime_list_2.dat, cumulative total = 119
This interval # of target primes receiving a chain code = 142
This interval # of chains leading to a target prime = 6051, # of max dbl chains = 944
ALERT: new max code length = 25 bits for prime = 2087, code = 0000000000651A0A
final_interval set to true

For reference, Fib[17] = 1597, Luc[16] = 2207, Fib[18] = 2584, Luc[17] = 3571, Fib[19] = 4181
For test_length = 17, total # of chains leading to a target prime = 6051, total # of max dbl chains = 944
Total primes < Fib[19] in next target list: 119. Smallest = 2903, largest = 4177
Pending code list size = 155, total # of unsaved chain codes in list = 36

# of chain codes appended to file Lchain_codes.dat = 141
Cumulative total prime codes saved = 415

Time for test length = 17:       0.0147 seconds



Starting generation of chains of length = 18

info: old pending code file closed after interval start
last prime = 6763, last_save_index = 866
Info: this interval chain code array size = 452: # of target primes = 416, # of unsaved chain codes = 36
Info: target prime range: smallest = 2903, largest = 6763
Processing chains...
info: stored 187 chain codes in file Lchain_codes.dat
info: stored 265 chain codes in file Pending_Lchain_code_list_1.dat
info: saved 196 primes in file Tgt_prime_list_1.dat, cumulative total = 196
This interval # of target primes receiving a chain code = 220
This interval # of chains leading to a target prime = 11696, # of max dbl chains = 1557
final_interval set to true

For reference, Fib[18] = 2584, Luc[17] = 3571, Fib[19] = 4181, Luc[18] = 5778, Fib[20] = 6765
For test_length = 18, total # of chains leading to a target prime = 11696, total # of max dbl chains = 1557
Total primes < Fib[20] in next target list: 196. Smallest = 4463, largest = 6763
Pending code list size = 265, total # of unsaved chain codes in list = 69

# of chain codes appended to file Lchain_codes.dat = 187
Cumulative total prime codes saved = 602

Time for test length = 18:       0.0232 seconds



Starting generation of chains of length = 19

info: old pending code file closed after interval start
last prime = 9973, last_save_index = 1224
Info: this interval chain code array size = 623: # of target primes = 554, # of unsaved chain codes = 69
Info: target prime range: smallest = 4463, largest = 9973
Processing chains...
info: stored 284 chain codes in file Lchain_codes.dat
info: stored 339 chain codes in file Pending_Lchain_code_list_2.dat
info: saved 222 primes in file Tgt_prime_list_2.dat, cumulative total = 222
This interval # of target primes receiving a chain code = 332
This interval # of chains leading to a target prime = 21583, # of max dbl chains = 2665
final_interval set to true

For reference, Fib[19] = 4181, Luc[18] = 5778, Fib[20] = 6765, Luc[19] = 9349, Fib[21] = 10946
For test_length = 19, total # of chains leading to a target prime = 21583, total # of max dbl chains = 2665
Total primes < B1 = 10000 in next target list: 222. Smallest = 6947, largest = 9973
Pending code list size = 339, total # of unsaved chain codes in list = 117

# of chain codes appended to file Lchain_codes.dat = 284
Cumulative total prime codes saved = 886

Time for test length = 19:       0.0558 seconds



Starting generation of chains of length = 20

info: old pending code file closed after interval start
Info: this interval chain code array size = 339: # of target primes = 222, # of unsaved chain codes = 117
Info: target prime range: smallest = 6947, largest = 9973
Processing chains...
info: stored 339 chain codes in file Lchain_codes.dat
This interval # of chains leading to a target prime = 34599, # of max dbl chains = 2989
ALERT: new max code length = 27 bits for prime = 7333, code = 000000000144A192
final_interval set to true

For reference, Fib[20] = 6765, Luc[19] = 9349, Fib[21] = 10946, Luc[20] = 15127, Fib[22] = 17711
For test_length = 20, total # of chains leading to a target prime = 34599, total # of max dbl chains = 2989
No primes < B1 = 10000 in next target prime list
Pending chain code list is empty.

# of chain codes appended to file Lchain_codes.dat = 339
Cumulative total prime codes saved = 1225

Time for test length = 20:       0.1268 seconds

